=== BUILD (no env) ===
▲ Next.js 16.2.12 (Turbopack)

  Creating an optimized production build ...
Browserslist: browsers data (caniuse-lite) is 13 months old. Please run:
  npx update-browserslist-db@latest
  Why you should do it regularly: https://github.com/browserslist/update-db#readme
✓ Compiled successfully in 17.1s
  Running TypeScript ...
  Finished TypeScript in 7.8s ...
  Collecting page data using 7 workers ...
  Generating static pages using 7 workers (0/16) ...
  Generating static pages using 7 workers (4/16) 
Error occurred prerendering page "/access-denied". Read more: https://nextjs.org/docs/messages/prerender-error
Error: @supabase/ssr: Your project's URL and API key are required to create a Supabase client!

Check your Supabase project's API settings to find these values

https://supabase.com/dashboard/project/_/settings/api
    at <unknown> (https://supabase.com/dashboard/project/_/settings/api)
    at <unknown> (C:\Users\user\GITHUB-REPOS\cyber-pharma-dev-v1\.next\server\chunks\ssr\_0p0j8_e._.js:37:55998)
    at <unknown> (C:\Users\user\GITHUB-REPOS\cyber-pharma-dev-v1\.next\server\chunks\ssr\_0p0j8_e._.js:41:4544)
    at <unknown> (C:\Users\user\GITHUB-REPOS\cyber-pharma-dev-v1\.next\server\chunks\ssr\_0p-wicl._.js:1:11741) {
  digest: '3268965262'
}
Export encountered an error on /(public)/access-denied/page: /access-denied, exiting the build.
⨯ Next.js build worker exited with code: 1 and signal: null
build(no env) exit: 1
=== BUILD (placeholder env) ===
▲ Next.js 16.2.12 (Turbopack)

  Creating an optimized production build ...
Browserslist: browsers data (caniuse-lite) is 13 months old. Please run:
  npx update-browserslist-db@latest
  Why you should do it regularly: https://github.com/browserslist/update-db#readme
✓ Compiled successfully in 7.7s
  Running TypeScript ...
  Finished TypeScript in 4.0s ...
  Collecting page data using 7 workers ...
  Generating static pages using 7 workers (0/16) ...
  Generating static pages using 7 workers (4/16) 
  Generating static pages using 7 workers (8/16) 
  Generating static pages using 7 workers (12/16) 
✓ Generating static pages using 7 workers (16/16) in 454ms
  Finalizing page optimization ...

Route (app)
┌ ƒ /
├ ○ /_not-found
├ ○ /access-denied
├ ƒ /admin-portal
├ ƒ /admin-portal/audit
├ ƒ /admin-portal/billing
├ ƒ /admin-portal/settings
├ ƒ /admin-portal/stores/[id]
├ ƒ /admin-portal/stores/[id]/invite
├ ƒ /api/auth/confirm
├ ƒ /api/auth/login
├ ƒ /api/auth/logout
├ ƒ /api/auth/signup
├ ○ /auth
├ ○ /error
├ ○ /icon.png
├ ƒ /moose-portal
├ ƒ /moose-portal/users
├ ƒ /moose-portal/users/add-member
├ ƒ /moose-portal/users/edit/[id]
├ ƒ /owedbook
└ ƒ /profile


ƒ Proxy (Middleware)

○  (Static)   prerendered as static content
ƒ  (Dynamic)  server-rendered on demand

build(placeholder env) exit: 0
=== NPM AUDIT (prod) ===
# npm audit report

baseline-browser-mapping  >=2.0.0 <2.11.0
Severity: moderate
baseline-browser-mapping process termination on invalid input causes denial of service - https://github.com/advisories/GHSA-w5vr-8v7q-w6rv
fix available via `npm audit fix`
node_modules/baseline-browser-mapping

nanoid  <3.3.18
Severity: high
nanoid: custom generators can loop indefinitely when size is zero - https://github.com/advisories/GHSA-2v37-7h3g-55p8
fix available via `npm audit fix`
node_modules/nanoid

next  9.5.6-canary.0 - 10.0.7 || 14.3.0-canary.0 - 15.5.23 || 15.6.0-canary.0 - 16.3.2
Severity: critical
Next.js: Unauthenticated Remote Code Execution on windows-hosted servers - https://github.com/advisories/GHSA-p293-qw3h-jr36
Next.js: Unauthenticated Remote Code Execution in Image Optimization API when AVIF files are used - https://github.com/advisories/GHSA-2xp9-vwfh-vxw4
Depends on vulnerable versions of sharp
fix available via `npm audit fix`
node_modules/next

postcss-selector-parser  6.1.0 - 6.1.2
postcss-selector-parser allows denial of service through uncontrolled AST recursion - https://github.com/advisories/GHSA-w9m9-85wc-3x92
fix available via `npm audit fix`
node_modules/postcss-selector-parser

sharp  <0.35.4
Severity: high
sharp: Vulnerabilities in libheif: GHSA-g89c-p67h-r497 and GHSA-2jg2-4ch7-h545 - https://github.com/advisories/GHSA-rgj7-g3m4-5g8c
fix available via `npm audit fix`
node_modules/sharp

5 vulnerabilities (1 low, 1 moderate, 2 high, 1 critical)

To address all issues, run:
  npm audit fix
audit prod exit: 0
=== NPM AUDIT (all) ===

baseline-browser-mapping  >=2.0.0 <2.11.0
Severity: moderate
baseline-browser-mapping process termination on invalid input causes denial of service - https://github.com/advisories/GHSA-w5vr-8v7q-w6rv
fix available via `npm audit fix`
node_modules/baseline-browser-mapping

brace-expansion  2.0.0 - 2.1.3
Severity: high
brace-expansion: DoS via unbounded expansion length causing an out-of-memory process crash - https://github.com/advisories/GHSA-mh99-v99m-4gvg
brace-expansion: DoS via unbounded intermediate arrays, bypassing the CVE-2026-14257 mitigation - https://github.com/advisories/GHSA-rgw5-rvv9-x895
fix available via `npm audit fix`
node_modules/brace-expansion

browserslist  <=4.28.6
Severity: high
Browserslist: Unbounded memory growth (no cache eviction) via distinct query results, leading to eventual OOM - https://github.com/advisories/GHSA-c83g-rgw3-j3cx
Browserslist: Uncaught crash / prototype write via untrusted browserslist-stats.json custom stats (normalizeStats) - https://github.com/advisories/GHSA-73wf-gq98-2v4g
fix available via `npm audit fix`
node_modules/browserslist

js-yaml  3.0.0 - 3.15.1 || 4.0.0 - 4.3.1
Severity: high
JS-YAML: Quadratic CPU consumption in !!omap resolution (3.x and 4.x) — CVE-2026-59870 fix not backported - https://github.com/advisories/GHSA-5p4m-2wfm-xmqj
JS-YAML: Quadratic CPU consumption in !!omap resolution (3.x and 4.x) — CVE-2026-59870 fix not backported - https://github.com/advisories/GHSA-5p4m-2wfm-xmqj
js-yaml: maxTotalMergeKeys does not limit CPU use for empty merge sources - https://github.com/advisories/GHSA-2883-xcg3-v3hh
js-yaml: maxTotalMergeKeys does not limit CPU use for empty merge sources - https://github.com/advisories/GHSA-2883-xcg3-v3hh
fix available via `npm audit fix`
node_modules/@eslint/eslintrc/node_modules/js-yaml
node_modules/js-yaml

nanoid  <3.3.18
Severity: high
nanoid: custom generators can loop indefinitely when size is zero - https://github.com/advisories/GHSA-2v37-7h3g-55p8
fix available via `npm audit fix`
node_modules/nanoid

next  9.5.6-canary.0 - 10.0.7 || 14.3.0-canary.0 - 15.5.23 || 15.6.0-canary.0 - 16.3.2
Severity: critical
Next.js: Unauthenticated Remote Code Execution on windows-hosted servers - https://github.com/advisories/GHSA-p293-qw3h-jr36
Next.js: Unauthenticated Remote Code Execution in Image Optimization API when AVIF files are used - https://github.com/advisories/GHSA-2xp9-vwfh-vxw4
Depends on vulnerable versions of sharp
fix available via `npm audit fix`
node_modules/next

postcss-selector-parser  6.1.0 - 6.1.2
postcss-selector-parser allows denial of service through uncontrolled AST recursion - https://github.com/advisories/GHSA-w9m9-85wc-3x92
fix available via `npm audit fix`
node_modules/postcss-selector-parser

sharp  <0.35.4
Severity: high
sharp: Vulnerabilities in libheif: GHSA-g89c-p67h-r497 and GHSA-2jg2-4ch7-h545 - https://github.com/advisories/GHSA-rgj7-g3m4-5g8c
fix available via `npm audit fix`
node_modules/sharp

8 vulnerabilities (1 low, 1 moderate, 5 high, 1 critical)

To address all issues, run:
  npm audit fix
audit all exit: 0
=== GIT STATUS ===
?? fable-review/
